Starting Dynare (version 6.3).
Calling Dynare with arguments: none
Starting preprocessing of the model file ...
Found 19 equation(s).
Evaluating expressions...
Computing static model derivatives (order 1).
Normalizing the static model...
Finding the optimal block decomposition of the static model...
12 block(s) found:
  9 recursive block(s) and 3 simultaneous block(s).
  the largest simultaneous block has 3 equation(s)
                                 and 3 feedback variable(s).
Computing dynamic model derivatives (order 2).
Normalizing the dynamic model...
Normalization failed with cutoff, trying symbolic normalization...
Could not normalize the dynamic model. Variable K_G is not in the maximum cardinality matching.
Preprocessing completed.
Preprocessing time: 0h00m00s.
[Warning: Matrix is close to singular or badly scaled. Results may be inaccurate. RCOND =  1.387779e-17.] 
[> In <a href="matlab:matlab.lang.internal.introspective.errorDocCallback('evaluate_steady_state', '/Applications/Dynare/6.3-arm64/matlab/evaluate_steady_state.m', 339)" style="font-weight:bold">evaluate_steady_state</a> (<a href="matlab: opentoline('/Applications/Dynare/6.3-arm64/matlab/evaluate_steady_state.m',339,0)">line 339</a>)
In <a href="matlab:matlab.lang.internal.introspective.errorDocCallback('steady', '/Applications/Dynare/6.3-arm64/matlab/steady.m', 112)" style="font-weight:bold">steady</a> (<a href="matlab: opentoline('/Applications/Dynare/6.3-arm64/matlab/steady.m',112,0)">line 112</a>)
In <a href="matlab:matlab.lang.internal.introspective.errorDocCallback('test.driver', '/Users/khangphamgia/DynareWork/DSGE/matlab-dsge/+test/driver.m', 485)" style="font-weight:bold">test.driver</a> (<a href="matlab: opentoline('/Users/khangphamgia/DynareWork/DSGE/matlab-dsge/+test/driver.m',485,0)">line 485</a>)
In <a href="matlab:matlab.lang.internal.introspective.errorDocCallback('dynare', '/Applications/Dynare/6.3-arm64/matlab/dynare.m', 308)" style="font-weight:bold">dynare</a> (<a href="matlab: opentoline('/Applications/Dynare/6.3-arm64/matlab/dynare.m',308,0)">line 308</a>)
] 

STEADY-STATE RESULTS:

C     		 0
I     		 0
a     		 0
w     		 0
r     		 0
r_f   		 0
C_G   		 0
C_NG  		 0
Y_G   		 0
Y_NG  		 0
K_G   		 0
K_NG  		 0
P     		 0
P_G   		 0
P_NG  		 0
pi_G  		 0
pi_NG 		 0
D     		 0
A_G   		 0


Residuals of the static equations:
Equation number  1: 1     :       0.000000
Equation number  2: C     :       0.000000
Equation number  3: r     :       0.000000
Equation number  4: 4     :       0.000000
Equation number  5: 5     :       0.000000
Equation number  6: P     :       0.000000
Equation number  7: a     :       0.000000
Equation number  8: Y_G   :       0.000000
Equation number  9: Y_NG  :       0.000000
Equation number 10: 10    :       0.000000
Equation number 11: pi_NG :       0.000000
Equation number 12: 12    :       0.000000
Equation number 13: 13    :       0.000000
Equation number 14: K_G   :       0.000000
Equation number 15: K_NG  :       0.000000
Equation number 16: 16    :       0.000000
Equation number 17: 17    :       0.000000
Equation number 18: A_G   :       0.000000
Equation number 19: D     :       0.000000


[Warning: Problem in the model specification: some variables don't appear as current. Check whether this is desired.] 
[> In <a href="matlab:matlab.lang.internal.introspective.errorDocCallback('check_model', '/Applications/Dynare/6.3-arm64/matlab/check_model.m', 23)" style="font-weight:bold">check_model</a> (<a href="matlab: opentoline('/Applications/Dynare/6.3-arm64/matlab/check_model.m',23,0)">line 23</a>)
In <a href="matlab:matlab.lang.internal.introspective.errorDocCallback('stoch_simul', '/Applications/Dynare/6.3-arm64/matlab/stochastic_solver/stoch_simul.m', 91)" style="font-weight:bold">stoch_simul</a> (<a href="matlab: opentoline('/Applications/Dynare/6.3-arm64/matlab/stochastic_solver/stoch_simul.m',91,0)">line 91</a>)
In <a href="matlab:matlab.lang.internal.introspective.errorDocCallback('test.driver', '/Users/khangphamgia/DynareWork/DSGE/matlab-dsge/+test/driver.m', 496)" style="font-weight:bold">test.driver</a> (<a href="matlab: opentoline('/Users/khangphamgia/DynareWork/DSGE/matlab-dsge/+test/driver.m',496,0)">line 496</a>)
In <a href="matlab:matlab.lang.internal.introspective.errorDocCallback('dynare', '/Applications/Dynare/6.3-arm64/matlab/dynare.m', 308)" style="font-weight:bold">dynare</a> (<a href="matlab: opentoline('/Applications/Dynare/6.3-arm64/matlab/dynare.m',308,0)">line 308</a>)] 
[Warning: Matrix is singular to working precision.] 
[> In <a href="matlab:matlab.lang.internal.introspective.errorDocCallback('stochastic_solvers', '/Applications/Dynare/6.3-arm64/matlab/stochastic_solver/stochastic_solvers.m', 221)" style="font-weight:bold">stochastic_solvers</a> (<a href="matlab: opentoline('/Applications/Dynare/6.3-arm64/matlab/stochastic_solver/stochastic_solvers.m',221,0)">line 221</a>)
In <a href="matlab:matlab.lang.internal.introspective.errorDocCallback('resol', '/Applications/Dynare/6.3-arm64/matlab/stochastic_solver/resol.m', 115)" style="font-weight:bold">resol</a> (<a href="matlab: opentoline('/Applications/Dynare/6.3-arm64/matlab/stochastic_solver/resol.m',115,0)">line 115</a>)
In <a href="matlab:matlab.lang.internal.introspective.errorDocCallback('stoch_simul', '/Applications/Dynare/6.3-arm64/matlab/stochastic_solver/stoch_simul.m', 108)" style="font-weight:bold">stoch_simul</a> (<a href="matlab: opentoline('/Applications/Dynare/6.3-arm64/matlab/stochastic_solver/stoch_simul.m',108,0)">line 108</a>)
In <a href="matlab:matlab.lang.internal.introspective.errorDocCallback('test.driver', '/Users/khangphamgia/DynareWork/DSGE/matlab-dsge/+test/driver.m', 496)" style="font-weight:bold">test.driver</a> (<a href="matlab: opentoline('/Users/khangphamgia/DynareWork/DSGE/matlab-dsge/+test/driver.m',496,0)">line 496</a>)
In <a href="matlab:matlab.lang.internal.introspective.errorDocCallback('dynare', '/Applications/Dynare/6.3-arm64/matlab/dynare.m', 308)" style="font-weight:bold">dynare</a> (<a href="matlab: opentoline('/Applications/Dynare/6.3-arm64/matlab/dynare.m',308,0)">line 308</a>)
] 
[Warning: Matrix is singular to working precision.] 
[> In <a href="matlab:matlab.lang.internal.introspective.errorDocCallback('stochastic_solvers', '/Applications/Dynare/6.3-arm64/matlab/stochastic_solver/stochastic_solvers.m', 223)" style="font-weight:bold">stochastic_solvers</a> (<a href="matlab: opentoline('/Applications/Dynare/6.3-arm64/matlab/stochastic_solver/stochastic_solvers.m',223,0)">line 223</a>)
In <a href="matlab:matlab.lang.internal.introspective.errorDocCallback('resol', '/Applications/Dynare/6.3-arm64/matlab/stochastic_solver/resol.m', 115)" style="font-weight:bold">resol</a> (<a href="matlab: opentoline('/Applications/Dynare/6.3-arm64/matlab/stochastic_solver/resol.m',115,0)">line 115</a>)
In <a href="matlab:matlab.lang.internal.introspective.errorDocCallback('stoch_simul', '/Applications/Dynare/6.3-arm64/matlab/stochastic_solver/stoch_simul.m', 108)" style="font-weight:bold">stoch_simul</a> (<a href="matlab: opentoline('/Applications/Dynare/6.3-arm64/matlab/stochastic_solver/stoch_simul.m',108,0)">line 108</a>)
In <a href="matlab:matlab.lang.internal.introspective.errorDocCallback('test.driver', '/Users/khangphamgia/DynareWork/DSGE/matlab-dsge/+test/driver.m', 496)" style="font-weight:bold">test.driver</a> (<a href="matlab: opentoline('/Users/khangphamgia/DynareWork/DSGE/matlab-dsge/+test/driver.m',496,0)">line 496</a>)
In <a href="matlab:matlab.lang.internal.introspective.errorDocCallback('dynare', '/Applications/Dynare/6.3-arm64/matlab/dynare.m', 308)" style="font-weight:bold">dynare</a> (<a href="matlab: opentoline('/Applications/Dynare/6.3-arm64/matlab/dynare.m',308,0)">line 308</a>)
] 

MODEL SUMMARY

  Number of variables:         19
  Number of stochastic shocks: 1
  Number of state variables:   5
  Number of jumpers:           0
  Number of static variables:  14


MATRIX OF COVARIANCE OF EXOGENOUS SHOCKS
Variables       EPS_G
EPS_G        0.000100

POLICY AND TRANSITION FUNCTIONS
                                   C               I               a               w               r             r_f             C_G            C_NG             Y_G            Y_NG             K_G            K_NG               P             P_G            P_NG            pi_G           pi_NG               D             A_G
K_NG(-1)                           0               0               0               0               0               0               0               0               0               0               0            -Inf               0               0               0               0               0               0            -Inf
